// Jest Snapshot v1, https://goo.gl/fbAQLP

exports[`actions triggered and state updated 1`] = `"0"`;

exports[`actions triggered and state updated 2`] = `"1"`;

exports[`call console.error and return null component if connect is used without wrapping in Provider 1`] = `null`;

exports[`render provider with its children 1`] = `
<h1>
  Children
</h1>
`;
